Archive member included to satisfy reference by file (symbol)

/Applications/STM32CubeIDE.app/Contents/Eclipse/plugins/com.st.stm32cube.ide.mcu.externaltools.gnu-tools-for-stm32.13.3.rel1.macos64_1.0.0.202411102158/tools/bin/../lib/gcc/arm-none-eabi/13.3.1/../../../../arm-none-eabi/lib/thumb/v7e-m+fp/hard/libc_nano.a(libc_a-exit.o)
                              /Applications/STM32CubeIDE.app/Contents/Eclipse/plugins/com.st.stm32cube.ide.mcu.externaltools.gnu-tools-for-stm32.13.3.rel1.macos64_1.0.0.202411102158/tools/bin/../lib/gcc/arm-none-eabi/13.3.1/../../../../arm-none-eabi/lib/thumb/v7e-m+fp/hard/crt0.o (exit)
/Applications/STM32CubeIDE.app/Contents/Eclipse/plugins/com.st.stm32cube.ide.mcu.externaltools.gnu-tools-for-stm32.13.3.rel1.macos64_1.0.0.202411102158/tools/bin/../lib/gcc/arm-none-eabi/13.3.1/../../../../arm-none-eabi/lib/thumb/v7e-m+fp/hard/libc_nano.a(libc_a-findfp.o)
                              /Applications/STM32CubeIDE.app/Contents/Eclipse/plugins/com.st.stm32cube.ide.mcu.externaltools.gnu-tools-for-stm32.13.3.rel1.macos64_1.0.0.202411102158/tools/bin/../lib/gcc/arm-none-eabi/13.3.1/../../../../arm-none-eabi/lib/thumb/v7e-m+fp/hard/libc_nano.a(libc_a-exit.o) (__stdio_exit_handler)
/Applications/STM32CubeIDE.app/Contents/Eclipse/plugins/com.st.stm32cube.ide.mcu.externaltools.gnu-tools-for-stm32.13.3.rel1.macos64_1.0.0.202411102158/tools/bin/../lib/gcc/arm-none-eabi/13.3.1/../../../../arm-none-eabi/lib/thumb/v7e-m+fp/hard/libc_nano.a(libc_a-fwalk.o)
                              /Applications/STM32CubeIDE.app/Contents/Eclipse/plugins/com.st.stm32cube.ide.mcu.externaltools.gnu-tools-for-stm32.13.3.rel1.macos64_1.0.0.202411102158/tools/bin/../lib/gcc/arm-none-eabi/13.3.1/../../../../arm-none-eabi/lib/thumb/v7e-m+fp/hard/libc_nano.a(libc_a-findfp.o) (_fwalk_sglue)
/Applications/STM32CubeIDE.app/Contents/Eclipse/plugins/com.st.stm32cube.ide.mcu.externaltools.gnu-tools-for-stm32.13.3.rel1.macos64_1.0.0.202411102158/tools/bin/../lib/gcc/arm-none-eabi/13.3.1/../../../../arm-none-eabi/lib/thumb/v7e-m+fp/hard/libc_nano.a(libc_a-memset.o)
                              /Applications/STM32CubeIDE.app/Contents/Eclipse/plugins/com.st.stm32cube.ide.mcu.externaltools.gnu-tools-for-stm32.13.3.rel1.macos64_1.0.0.202411102158/tools/bin/../lib/gcc/arm-none-eabi/13.3.1/../../../../arm-none-eabi/lib/thumb/v7e-m+fp/hard/crt0.o (memset)
/Applications/STM32CubeIDE.app/Contents/Eclipse/plugins/com.st.stm32cube.ide.mcu.externaltools.gnu-tools-for-stm32.13.3.rel1.macos64_1.0.0.202411102158/tools/bin/../lib/gcc/arm-none-eabi/13.3.1/../../../../arm-none-eabi/lib/thumb/v7e-m+fp/hard/libc_nano.a(libc_a-errno.o)
                              ./Core/Src/syscalls.o (__errno)
/Applications/STM32CubeIDE.app/Contents/Eclipse/plugins/com.st.stm32cube.ide.mcu.externaltools.gnu-tools-for-stm32.13.3.rel1.macos64_1.0.0.202411102158/tools/bin/../lib/gcc/arm-none-eabi/13.3.1/../../../../arm-none-eabi/lib/thumb/v7e-m+fp/hard/libc_nano.a(libc_a-init.o)
                              /Applications/STM32CubeIDE.app/Contents/Eclipse/plugins/com.st.stm32cube.ide.mcu.externaltools.gnu-tools-for-stm32.13.3.rel1.macos64_1.0.0.202411102158/tools/bin/../lib/gcc/arm-none-eabi/13.3.1/../../../../arm-none-eabi/lib/thumb/v7e-m+fp/hard/crt0.o (__libc_init_array)
/Applications/STM32CubeIDE.app/Contents/Eclipse/plugins/com.st.stm32cube.ide.mcu.externaltools.gnu-tools-for-stm32.13.3.rel1.macos64_1.0.0.202411102158/tools/bin/../lib/gcc/arm-none-eabi/13.3.1/../../../../arm-none-eabi/lib/thumb/v7e-m+fp/hard/libc_nano.a(libc_a-lock.o)
                              /Applications/STM32CubeIDE.app/Contents/Eclipse/plugins/com.st.stm32cube.ide.mcu.externaltools.gnu-tools-for-stm32.13.3.rel1.macos64_1.0.0.202411102158/tools/bin/../lib/gcc/arm-none-eabi/13.3.1/../../../../arm-none-eabi/lib/thumb/v7e-m+fp/hard/libc_nano.a(libc_a-findfp.o) (__retarget_lock_init_recursive)
/Applications/STM32CubeIDE.app/Contents/Eclipse/plugins/com.st.stm32cube.ide.mcu.externaltools.gnu-tools-for-stm32.13.3.rel1.macos64_1.0.0.202411102158/tools/bin/../lib/gcc/arm-none-eabi/13.3.1/../../../../arm-none-eabi/lib/thumb/v7e-m+fp/hard/libc_nano.a(libc_a-impure.o)
                              /Applications/STM32CubeIDE.app/Contents/Eclipse/plugins/com.st.stm32cube.ide.mcu.externaltools.gnu-tools-for-stm32.13.3.rel1.macos64_1.0.0.202411102158/tools/bin/../lib/gcc/arm-none-eabi/13.3.1/../../../../arm-none-eabi/lib/thumb/v7e-m+fp/hard/libc_nano.a(libc_a-errno.o) (_impure_ptr)
/Applications/STM32CubeIDE.app/Contents/Eclipse/plugins/com.st.stm32cube.ide.mcu.externaltools.gnu-tools-for-stm32.13.3.rel1.macos64_1.0.0.202411102158/tools/bin/../lib/gcc/arm-none-eabi/13.3.1/../../../../arm-none-eabi/lib/thumb/v7e-m+fp/hard/libc_nano.a(libc_a-ctype_.o)
                              ./Core/Src/main.o (_ctype_)
[...]
Memory Configuration

Name             Origin             Length             Attributes
RAM              0x20000000         0x00020000         xrw
FLASH            0x08000000         0x00080000         xr
*default*        0x00000000         0xffffffff

Linker script and memory map

LOAD /Applications/STM32CubeIDE.app/Contents/Eclipse/plugins/com.st.stm32cube.ide.mcu.externaltools.gnu-tools-for-stm32.13.3.rel1.macos64_1.0.0.202411102158/tools/bin/../lib/gcc/arm-none-eabi/13.3.1/thumb/v7e-m+fp/hard/crti.o
LOAD /Applications/STM32CubeIDE.app/Contents/Eclipse/plugins/com.st.stm32cube.ide.mcu.externaltools.gnu-tools-for-stm32.13.3.rel1.macos64_1.0.0.202411102158/tools/bin/../lib/gcc/arm-none-eabi/13.3.1/thumb/v7e-m+fp/hard/crtbegin.o
LOAD /Applications/STM32CubeIDE.app/Contents/Eclipse/plugins/com.st.stm32cube.ide.mcu.externaltools.gnu-tools-for-stm32.13.3.rel1.macos64_1.0.0.202411102158/tools/bin/../lib/gcc/arm-none-eabi/13.3.1/../../../../arm-none-eabi/lib/thumb/v7e-m+fp/hard/crt0.o
LOAD ./Core/Src/main.o
LOAD ./Core/Src/stm32f4xx_hal_msp.o
LOAD ./Core/Src/stm32f4xx_it.o
LOAD ./Core/Src/syscalls.o
LOAD ./Core/Src/sysmem.o
LOAD ./Core/Src/system_stm32f4xx.o
LOAD ./Core/Startup/startup_stm32f446retx.o
LOAD ./Drivers/STM32F4xx_HAL_Driver/Src/stm32f4xx_hal.o
LOAD ./Drivers/STM32F4xx_HAL_Driver/Src/stm32f4xx_hal_cortex.o
LOAD ./Drivers/STM32F4xx_HAL_Driver/Src/stm32f4xx_hal_dma.o
LOAD ./Drivers/STM32F4xx_HAL_Driver/Src/stm32f4xx_hal_dma_ex.o
LOAD ./Drivers/STM32F4xx_HAL_Driver/Src/stm32f4xx_hal_exti.o
LOAD ./Drivers/STM32F4xx_HAL_Driver/Src/stm32f4xx_hal_flash.o
LOAD ./Drivers/STM32F4xx_HAL_Driver/Src/stm32f4xx_hal_flash_ex.o
LOAD ./Drivers/STM32F4xx_HAL_Driver/Src/stm32f4xx_hal_flash_ramfunc.o
LOAD ./Drivers/STM32F4xx_HAL_Driver/Src/stm32f4xx_hal_gpio.o
LOAD ./Drivers/STM32F4xx_HAL_Driver/Src/stm32f4xx_hal_pwr.o
LOAD ./Drivers/STM32F4xx_HAL_Driver/Src/stm32f4xx_hal_pwr_ex.o
LOAD ./Drivers/STM32F4xx_HAL_Driver/Src/stm32f4xx_hal_rcc.o
LOAD ./Drivers/STM32F4xx_HAL_Driver/Src/stm32f4xx_hal_rcc_ex.o
LOAD ./Drivers/STM32F4xx_HAL_Driver/Src/stm32f4xx_hal_uart.o
START GROUP
LOAD /Applications/STM32CubeIDE.app/Contents/Eclipse/plugins/com.st.stm32cube.ide.mcu.externaltools.gnu-tools-for-stm32.13.3.rel1.macos64_1.0.0.202411102158/tools/bin/../lib/gcc/arm-none-eabi/13.3.1/../../../../arm-none-eabi/lib/thumb/v7e-m+fp/hard/libc_nano.a
LOAD /Applications/STM32CubeIDE.app/Contents/Eclipse/plugins/com.st.stm32cube.ide.mcu.externaltools.gnu-tools-for-stm32.13.3.rel1.macos64_1.0.0.202411102158/tools/bin/../lib/gcc/arm-none-eabi/13.3.1/../../../../arm-none-eabi/lib/thumb/v7e-m+fp/hard/libm.a
END GROUP
START GROUP
LOAD /Applications/STM32CubeIDE.app/Contents/Eclipse/plugins/com.st.stm32cube.ide.mcu.externaltools.gnu-tools-for-stm32.13.3.rel1.macos64_1.0.0.202411102158/tools/bin/../lib/gcc/arm-none-eabi/13.3.1/thumb/v7e-m+fp/hard/libgcc.a
LOAD /Applications/STM32CubeIDE.app/Contents/Eclipse/plugins/com.st.stm32cube.ide.mcu.externaltools.gnu-tools-for-stm32.13.3.rel1.macos64_1.0.0.202411102158/tools/bin/../lib/gcc/arm-none-eabi/13.3.1/../../../../arm-none-eabi/lib/thumb/v7e-m+fp/hard/libc_nano.a
END GROUP
START GROUP
LOAD /Applications/STM32CubeIDE.app/Contents/Eclipse/plugins/com.st.stm32cube.ide.mcu.externaltools.gnu-tools-for-stm32.13.3.rel1.macos64_1.0.0.202411102158/tools/bin/../lib/gcc/arm-none-eabi/13.3.1/thumb/v7e-m+fp/hard/libgcc.a
LOAD /Applications/STM32CubeIDE.app/Contents/Eclipse/plugins/com.st.stm32cube.ide.mcu.externaltools.gnu-tools-for-stm32.13.3.rel1.macos64_1.0.0.202411102158/tools/bin/../lib/gcc/arm-none-eabi/13.3.1/../../../../arm-none-eabi/lib/thumb/v7e-m+fp/hard/libc_nano.a
LOAD /Applications/STM32CubeIDE.app/Contents/Eclipse/plugins/com.st.stm32cube.ide.mcu.externaltools.gnu-tools-for-stm32.13.3.rel1.macos64_1.0.0.202411102158/tools/bin/../lib/gcc/arm-none-eabi/13.3.1/../../../../arm-none-eabi/lib/thumb/v7e-m+fp/hard/libnosys.a
END GROUP
START GROUP
LOAD /Applications/STM32CubeIDE.app/Contents/Eclipse/plugins/com.st.stm32cube.ide.mcu.externaltools.gnu-tools-for-stm32.13.3.rel1.macos64_1.0.0.202411102158/tools/bin/../lib/gcc/arm-none-eabi/13.3.1/thumb/v7e-m+fp/hard/libgcc.a
LOAD /Applications/STM32CubeIDE.app/Contents/Eclipse/plugins/com.st.stm32cube.ide.mcu.externaltools.gnu-tools-for-stm32.13.3.rel1.macos64_1.0.0.202411102158/tools/bin/../lib/gcc/arm-none-eabi/13.3.1/../../../../arm-none-eabi/lib/thumb/v7e-m+fp/hard/libc_nano.a
LOAD /Applications/STM32CubeIDE.app/Contents/Eclipse/plugins/com.st.stm32cube.ide.mcu.externaltools.gnu-tools-for-stm32.13.3.rel1.macos64_1.0.0.202411102158/tools/bin/../lib/gcc/arm-none-eabi/13.3.1/../../../../arm-none-eabi/lib/thumb/v7e-m+fp/hard/libnosys.a
END GROUP
LOAD /Applications/STM32CubeIDE.app/Contents/Eclipse/plugins/com.st.stm32cube.ide.mcu.externaltools.gnu-tools-for-stm32.13.3.rel1.macos64_1.0.0.202411102158/tools/bin/../lib/gcc/arm-none-eabi/13.3.1/thumb/v7e-m+fp/hard/crtend.o
LOAD /Applications/STM32CubeIDE.app/Contents/Eclipse/plugins/com.st.stm32cube.ide.mcu.externaltools.gnu-tools-for-stm32.13.3.rel1.macos64_1.0.0.202411102158/tools/bin/../lib/gcc/arm-none-eabi/13.3.1/thumb/v7e-m+fp/hard/crtn.o
                0x20020000                        _estack = (ORIGIN (RAM) + LENGTH (RAM))
                0x00000200                        _Min_Heap_Size = 0x200
                0x00000400                        _Min_Stack_Size = 0x400

.isr_vector     0x08000000      0x1c4
                0x08000000                        . = ALIGN (0x4)
 *(.isr_vector)
 .isr_vector    0x08000000      0x1c4 ./Core/Startup/startup_stm32f446retx.o
                0x08000000                g_pfnVectors
                0x080001c4                        . = ALIGN (0x4)

.text           0x080001c4     0x2ec4
                0x080001c4                        . = ALIGN (0x4)
 *(.text)
 .text          0x080001c4       0x40 /Applications/STM32CubeIDE.app/Contents/Eclipse/plugins/com.st.stm32cube.ide.mcu.externaltools.gnu-tools-for-stm32.13.3.rel1.macos64_1.0.0.202411102158/tools/bin/../lib/gcc/arm-none-eabi/13.3.1/thumb/v7e-m+fp/hard/crtbegin.o
 .text          0x08000204       0x30 /Applications/STM32CubeIDE.app/Contents/Eclipse/plugins/com.st.stm32cube.ide.mcu.externaltools.gnu-tools-for-stm32.13.3.rel1.macos64_1.0.0.202411102158/tools/bin/../lib/gcc/arm-none-eabi/13.3.1/thumb/v7e-m+fp/hard/libgcc.a(_aeabi_uldivmod.o)
                0x08000204                __aeabi_uldivmod
 .text          0x08000234      0x2f8 /Applications/STM32CubeIDE.app/Contents/Eclipse/plugins/com.st.stm32cube.ide.mcu.externaltools.gnu-tools-for-stm32.13.3.rel1.macos64_1.0.0.202411102158/tools/bin/../lib/gcc/arm-none-eabi/13.3.1/thumb/v7e-m+fp/hard/libgcc.a(_udivmoddi4.o)
                0x08000234                __udivmoddi4
 .text          0x0800052c        0x4 /Applications/STM32CubeIDE.app/Contents/Eclipse/plugins/com.st.stm32cube.ide.mcu.externaltools.gnu-tools-for-stm32.13.3.rel1.macos64_1.0.0.202411102158/tools/bin/../lib/gcc/arm-none-eabi/13.3.1/thumb/v7e-m+fp/hard/libgcc.a(_dvmd_tls.o)
                0x0800052c                __aeabi_ldiv0
                0x0800052c                __aeabi_idiv0
 *(.text*)
 .text.main     0x08000530      0x1e4 ./Core/Src/main.o
                0x08000530                main
 .text.SystemClock_Config
                0x08000714       0xdc ./Core/Src/main.o
                0x08000714                SystemClock_Config
 .text.MX_USART2_UART_Init
                0x080007f0       0x54 ./Core/Src/main.o
 .text.MX_GPIO_Init
                0x08000844       0xdc ./Core/Src/main.o
 .text.HAL_UART_RxCpltCallback
                0x08000920       0x98 ./Core/Src/main.o
                0x08000920                HAL_UART_RxCpltCallback
 .text.Error_Handler
                0x080009b8        0xc ./Core/Src/main.o
                0x080009b8                Error_Handler
 .text.HAL_MspInit
                0x080009c4       0x50 ./Core/Src/stm32f4xx_hal_msp.o
                0x080009c4                HAL_MspInit
 .text.HAL_UART_MspInit
                0x08000a14       0xa0 ./Core/Src/stm32f4xx_hal_msp.o
                0x08000a14                HAL_UART_MspInit
 .text.NMI_Handler
                0x08000ab4        0x8 ./Core/Src/stm32f4xx_it.o
                0x08000ab4                NMI_Handler
 .text.HardFault_Handler
                0x08000abc        0x8 ./Core/Src/stm32f4xx_it.o
                0x08000abc                HardFault_Handler
 .text.MemManage_Handler
                0x08000ac4        0x8 ./Core/Src/stm32f4xx_it.o
                0x08000ac4                MemManage_Handler
 .text.BusFault_Handler
                0x08000acc        0x8 ./Core/Src/stm32f4xx_it.o
                0x08000acc                BusFault_Handler
 .text.UsageFault_Handler
                0x08000ad4        0x8 ./Core/Src/stm32f4xx_it.o
                0x08000ad4                UsageFault_Handler
 .text.SVC_Handler
                0x08000adc        0xe ./Core/Src/stm32f4xx_it.o
                0x08000adc                SVC_Handler
 .text.DebugMon_Handler
                0x08000aea        0xe ./Core/Src/stm32f4xx_it.o
                0x08000aea                DebugMon_Handler
 .text.PendSV_Handler
                0x08000af8        0xe ./Core/Src/stm32f4xx_it.o
                0x08000af8                PendSV_Handler
 .text.SysTick_Handler
                0x08000b06        0xc ./Core/Src/stm32f4xx_it.o
                0x08000b06                SysTick_Handler
 *fill*         0x08000b12        0x2 
 .text.USART2_IRQHandler
                0x08000b14       0x14 ./Core/Src/stm32f4xx_it.o
                0x08000b14                USART2_IRQHandler
 .text.SystemInit
                0x08000b28       0x24 ./Core/Src/system_stm32f4xx.o
                0x08000b28                SystemInit
 .text.Reset_Handler
                0x08000b4c       0x50 ./Core/Startup/startup_stm32f446retx.o
                0x08000b4c                Reset_Handler
 .text.Default_Handler
                0x08000b9c        0x2 ./Core/Startup/startup_stm32f446retx.o
                0x08000b9c                DMA1_Stream3_IRQHandler
                0x08000b9c                EXTI2_IRQHandler
                0x08000b9c                TIM8_CC_IRQHandler
                0x08000b9c                FMPI2C1_EV_IRQHandler
                0x08000b9c                SPI4_IRQHandler
                0x08000b9c                TIM1_CC_IRQHandler
                0x08000b9c                DMA2_Stream5_IRQHandler
                0x08000b9c                DMA1_Stream5_IRQHandler
                0x08000b9c                PVD_IRQHandler
                0x08000b9c                SDIO_IRQHandler
                0x08000b9c                TAMP_STAMP_IRQHandler
                0x08000b9c                CAN2_RX1_IRQHandler
                0x08000b9c                EXTI3_IRQHandler
                0x08000b9c                TIM8_TRG_COM_TIM14_IRQHandler
                0x08000b9c                TIM1_UP_TIM10_IRQHandler
                0x08000b9c                TIM8_UP_TIM13_IRQHandler
                0x08000b9c                I2C3_ER_IRQHandler
                0x08000b9c                EXTI0_IRQHandler
                0x08000b9c                I2C2_EV_IRQHandler
                0x08000b9c                DMA1_Stream2_IRQHandler
                0x08000b9c                CAN1_RX0_IRQHandler
                0x08000b9c                FPU_IRQHandler
                0x08000b9c                OTG_HS_WKUP_IRQHandler
                0x08000b9c                CAN2_SCE_IRQHandler
                0x08000b9c                DMA2_Stream2_IRQHandler
                0x08000b9c                SPI1_IRQHandler
                0x08000b9c                TIM6_DAC_IRQHandler
                0x08000b9c                TIM1_BRK_TIM9_IRQHandler
                0x08000b9c                DCMI_IRQHandler
                0x08000b9c                CAN2_RX0_IRQHandler
                0x08000b9c                DMA2_Stream3_IRQHandler
                0x08000b9c                SAI2_IRQHandler
                0x08000b9c                USART6_IRQHandler
                0x08000b9c                USART3_IRQHandler
                0x08000b9c                CAN1_RX1_IRQHandler
                0x08000b9c                UART5_IRQHandler
                0x08000b9c                DMA2_Stream0_IRQHandler
                0x08000b9c                TIM4_IRQHandler
                0x08000b9c                QUADSPI_IRQHandler
                0x08000b9c                I2C1_EV_IRQHandler
                0x08000b9c                DMA1_Stream6_IRQHandler
                0x08000b9c                DMA1_Stream1_IRQHandler
                0x08000b9c                UART4_IRQHandler
                0x08000b9c                TIM3_IRQHandler
                0x08000b9c                RCC_IRQHandler
                0x08000b9c                TIM8_BRK_TIM12_IRQHandler
                0x08000b9c                Default_Handler
                0x08000b9c                CEC_IRQHandler
                0x08000b9c                EXTI15_10_IRQHandler
                0x08000b9c                ADC_IRQHandler
                0x08000b9c                DMA1_Stream7_IRQHandler
                0x08000b9c                TIM7_IRQHandler
                0x08000b9c                CAN2_TX_IRQHandler
                0x08000b9c                TIM5_IRQHandler
                0x08000b9c                DMA2_Stream7_IRQHandler
                0x08000b9c                I2C3_EV_IRQHandler
                0x08000b9c                EXTI9_5_IRQHandler
                0x08000b9c                RTC_WKUP_IRQHandler
                0x08000b9c                SPDIF_RX_IRQHandler
                0x08000b9c                SPI2_IRQHandler
                0x08000b9c                OTG_HS_EP1_IN_IRQHandler
                0x08000b9c                DMA1_Stream0_IRQHandler
                0x08000b9c                CAN1_TX_IRQHandler
                0x08000b9c                FMPI2C1_ER_IRQHandler
                0x08000b9c                EXTI4_IRQHandler
                0x08000b9c                OTG_HS_EP1_OUT_IRQHandler
                0x08000b9c                WWDG_IRQHandler
                0x08000b9c                TIM2_IRQHandler
                0x08000b9c                OTG_FS_WKUP_IRQHandler
                0x08000b9c                TIM1_TRG_COM_TIM11_IRQHandler
                0x08000b9c                OTG_HS_IRQHandler
                0x08000b9c                EXTI1_IRQHandler
                0x08000b9c                I2C2_ER_IRQHandler
                0x08000b9c                DMA2_Stream1_IRQHandler
                0x08000b9c                CAN1_SCE_IRQHandler
                0x08000b9c                FLASH_IRQHandler
                0x08000b9c                DMA2_Stream4_IRQHandler
                0x08000b9c                USART1_IRQHandler
                0x08000b9c                OTG_FS_IRQHandler
                0x08000b9c                SPI3_IRQHandler
                0x08000b9c                DMA1_Stream4_IRQHandler
                0x08000b9c                I2C1_ER_IRQHandler
                0x08000b9c                FMC_IRQHandler
                0x08000b9c                DMA2_Stream6_IRQHandler
                0x08000b9c                SAI1_IRQHandler
                0x08000b9c                RTC_Alarm_IRQHandler
 *fill*         0x08000b9e        0x2 
 .text.HAL_Init
                0x08000ba0       0x44 ./Drivers/STM32F4xx_HAL_Driver/Src/stm32f4xx_hal.o
                0x08000ba0                HAL_Init
 .text.HAL_InitTick
                0x08000be4       0x60 ./Drivers/STM32F4xx_HAL_Driver/Src/stm32f4xx_hal.o
                0x08000be4                HAL_InitTick
 .text.HAL_IncTick
                0x08000c44       0x28 ./Drivers/STM32F4xx_HAL_Driver/Src/stm32f4xx_hal.o
                0x08000c44                HAL_IncTick
 .text.HAL_GetTick
                0x08000c6c       0x18 ./Drivers/STM32F4xx_HAL_Driver/Src/stm32f4xx_hal.o
                0x08000c6c                HAL_GetTick
 .text.HAL_Delay
                0x08000c84       0x48 ./Drivers/STM32F4xx_HAL_Driver/Src/stm32f4xx_hal.o
                0x08000c84                HAL_Delay
 .text.__NVIC_SetPriorityGrouping
                0x08000ccc       0x48 ./Drivers/STM32F4xx_HAL_Driver/Src/stm32f4xx_hal_cortex.o
 .text.__NVIC_GetPriorityGrouping
                0x08000d14       0x1c ./Drivers/STM32F4xx_HAL_Driver/Src/stm32f4xx_hal_cortex.o
 .text.__NVIC_EnableIRQ
                0x08000d30       0x3c ./Drivers/STM32F4xx_HAL_Driver/Src/stm32f4xx_hal_cortex.o
 .text.__NVIC_SetPriority
                0x08000d6c       0x54 ./Drivers/STM32F4xx_HAL_Driver/Src/stm32f4xx_hal_cortex.o
 .text.NVIC_EncodePriority
                0x08000dc0       0x66 ./Drivers/STM32F4xx_HAL_Driver/Src/stm32f4xx_hal_cortex.o
 *fill*         0x08000e26        0x2 
 .text.SysTick_Config
                0x08000e28       0x44 ./Drivers/STM32F4xx_HAL_Driver/Src/stm32f4xx_hal_cortex.o
 .text.HAL_NVIC_SetPriorityGrouping
                0x08000e6c       0x16 ./Drivers/STM32F4xx_HAL_Driver/Src/stm32f4xx_hal_cortex.o
                0x08000e6c                HAL_NVIC_SetPriorityGrouping
 .text.HAL_NVIC_SetPriority
                0x08000e82       0x38 ./Drivers/STM32F4xx_HAL_Driver/Src/stm32f4xx_hal_cortex.o
                0x08000e82                HAL_NVIC_SetPriority
 .text.HAL_NVIC_EnableIRQ
                0x08000eba       0x1c ./Drivers/STM32F4xx_HAL_Driver/Src/stm32f4xx_hal_cortex.o
                0x08000eba                HAL_NVIC_EnableIRQ
 .text.HAL_SYSTICK_Config
                0x08000ed6       0x18 ./Drivers/STM32F4xx_HAL_Driver/Src/stm32f4xx_hal_cortex.o
                0x08000ed6                HAL_SYSTICK_Config
 .text.HAL_DMA_Abort
                0x08000eee       0xe0 ./Drivers/STM32F4xx_HAL_Driver/Src/stm32f4xx_hal_dma.o
                0x08000eee                HAL_DMA_Abort
 .text.HAL_DMA_Abort_IT
                0x08000fce       0x44 ./Drivers/STM32F4xx_HAL_Driver/Src/stm32f4xx_hal_dma.o
                0x08000fce                HAL_DMA_Abort_IT
 *fill*         0x08001012        0x2 
 .text.HAL_GPIO_Init
                0x08001014      0x328 ./Drivers/STM32F4xx_HAL_Driver/Src/stm32f4xx_hal_gpio.o
                0x08001014                HAL_GPIO_Init
 .text.HAL_GPIO_WritePin
                0x0800133c       0x32 ./Drivers/STM32F4xx_HAL_Driver/Src/stm32f4xx_hal_gpio.o
                0x0800133c                HAL_GPIO_WritePin
 *fill*         0x0800136e        0x2 
 .text.HAL_RCC_ClockConfig
                0x08001370      0x1cc ./Drivers/STM32F4xx_HAL_Driver/Src/stm32f4xx_hal_rcc.o
                0x08001370                HAL_RCC_ClockConfig
 .text.HAL_RCC_GetHCLKFreq
                0x0800153c       0x18 ./Drivers/STM32F4xx_HAL_Driver/Src/stm32f4xx_hal_rcc.o
                0x0800153c                HAL_RCC_GetHCLKFreq
 .text.HAL_RCC_GetPCLK1Freq
                0x08001554       0x28 ./Drivers/STM32F4xx_HAL_Driver/Src/stm32f4xx_hal_rcc.o
                0x08001554                HAL_RCC_GetPCLK1Freq
 .text.HAL_RCC_GetPCLK2Freq
                0x0800157c       0x28 ./Drivers/STM32F4xx_HAL_Driver/Src/stm32f4xx_hal_rcc.o
                0x0800157c                HAL_RCC_GetPCLK2Freq
 .text.HAL_RCC_GetSysClockFreq
                0x080015a4      0x460 ./Drivers/STM32F4xx_HAL_Driver/Src/stm32f4xx_hal_rcc_ex.o
                0x080015a4                HAL_RCC_GetSysClockFreq
 .text.HAL_RCC_OscConfig
                0x08001a04      0x53c ./Drivers/STM32F4xx_HAL_Driver/Src/stm32f4xx_hal_rcc_ex.o
                0x08001a04                HAL_RCC_OscConfig
 .text.HAL_UART_Init
                0x08001f40       0xa0 ./Drivers/STM32F4xx_HAL_Driver/Src/stm32f4xx_hal_uart.o
                0x08001f40                HAL_UART_Init
 .text.HAL_UART_Transmit
                0x08001fe0      0x116 ./Drivers/STM32F4xx_HAL_Driver/Src/stm32f4xx_hal_uart.o
                0x08001fe0                HAL_UART_Transmit
 .text.HAL_UART_Receive_IT
                0x080020f6       0x4a ./Drivers/STM32F4xx_HAL_Driver/Src/stm32f4xx_hal_uart.o
                0x080020f6                HAL_UART_Receive_IT
 .text.HAL_UART_IRQHandler
                0x08002140      0x554 ./Drivers/STM32F4xx_HAL_Driver/Src/stm32f4xx_hal_uart.o
                0x08002140                HAL_UART_IRQHandler
 .text.HAL_UART_TxCpltCallback
                0x08002694       0x14 ./Drivers/STM32F4xx_HAL_Driver/Src/stm32f4xx_hal_uart.o
                0x08002694                HAL_UART_TxCpltCallback
 .text.HAL_UART_ErrorCallback
                0x080026a8       0x14 ./Drivers/STM32F4xx_HAL_Driver/Src/stm32f4xx_hal_uart.o
                0x080026a8                HAL_UART_ErrorCallback
 .text.HAL_UARTEx_RxEventCallback
                0x080026bc       0x18 ./Drivers/STM32F4xx_HAL_Driver/Src/stm32f4xx_hal_uart.o
                0x080026bc                HAL_UARTEx_RxEventCallback
 .text.UART_WaitOnFlagUntilTimeout
                0x080026d4       0xb2 ./Drivers/STM32F4xx_HAL_Driver/Src/stm32f4xx_hal_uart.o
 .text.UART_Start_Receive_IT
                0x08002786       0x74 ./Drivers/STM32F4xx_HAL_Driver/Src/stm32f4xx_hal_uart.o
                0x08002786                UART_Start_Receive_IT
 .text.UART_EndRxTransfer
                0x080027fa       0xc6 ./Drivers/STM32F4xx_HAL_Driver/Src/stm32f4xx_hal_uart.o
 .text.UART_DMAAbortOnError
                0x080028c0       0x22 ./Drivers/STM32F4xx_HAL_Driver/Src/stm32f4xx_hal_uart.o
 .text.UART_Transmit_IT
                0x080028e2       0xa0 ./Drivers/STM32F4xx_HAL_Driver/Src/stm32f4xx_hal_uart.o
 .text.UART_EndTransmit_IT
                0x08002982       0x30 ./Drivers/STM32F4xx_HAL_Driver/Src/stm32f4xx_hal_uart.o
 .text.UART_Receive_IT
                0x080029b2      0x17c ./Drivers/STM32F4xx_HAL_Driver/Src/stm32f4xx_hal_uart.o
 *fill*         0x08002b2e        0x2 
 .text.UART_SetConfig
                0x08002b30      0x4e8 ./Drivers/STM32F4xx_HAL_Driver/Src/stm32f4xx_hal_uart.o
 .text.memset   0x08003018       0x10 /Applications/STM32CubeIDE.app/Contents/Eclipse/plugins/com.st.stm32cube.ide.mcu.externaltools.gnu-tools-for-stm32.13.3.rel1.macos64_1.0.0.202411102158/tools/bin/../lib/gcc/arm-none-eabi/13.3.1/../../../../arm-none-eabi/lib/thumb/v7e-m+fp/hard/libc_nano.a(libc_a-memset.o)
                0x08003018                memset
 .text.__libc_init_array
                0x08003028       0x48 /Applications/STM32CubeIDE.app/Contents/Eclipse/plugins/com.st.stm32cube.ide.mcu.externaltools.gnu-tools-for-stm32.13.3.rel1.macos64_1.0.0.202411102158/tools/bin/../lib/gcc/arm-none-eabi/13.3.1/../../../../arm-none-eabi/lib/thumb/v7e-m+fp/hard/libc_nano.a(libc_a-init.o)
                0x08003028                __libc_init_array
 *(.glue_7)
 .glue_7        0x08003070        0x0 linker stubs
 *(.glue_7t)
 .glue_7t       0x08003070        0x0 linker stubs
 *(.eh_frame)
 .eh_frame      0x08003070        0x0 /Applications/STM32CubeIDE.app/Contents/Eclipse/plugins/com.st.stm32cube.ide.mcu.externaltools.gnu-tools-for-stm32.13.3.rel1.macos64_1.0.0.202411102158/tools/bin/../lib/gcc/arm-none-eabi/13.3.1/thumb/v7e-m+fp/hard/crtbegin.o
 *(.init)
 .init          0x08003070        0x4 /Applications/STM32CubeIDE.app/Contents/Eclipse/plugins/com.st.stm32cube.ide.mcu.externaltools.gnu-tools-for-stm32.13.3.rel1.macos64_1.0.0.202411102158/tools/bin/../lib/gcc/arm-none-eabi/13.3.1/thumb/v7e-m+fp/hard/crti.o
                0x08003070                _init
 .init          0x08003074        0x8 /Applications/STM32CubeIDE.app/Contents/Eclipse/plugins/com.st.stm32cube.ide.mcu.externaltools.gnu-tools-for-stm32.13.3.rel1.macos64_1.0.0.202411102158/tools/bin/../lib/gcc/arm-none-eabi/13.3.1/thumb/v7e-m+fp/hard/crtn.o
 *(.fini)
 .fini          0x0800307c        0x4 /Applications/STM32CubeIDE.app/Contents/Eclipse/plugins/com.st.stm32cube.ide.mcu.externaltools.gnu-tools-for-stm32.13.3.rel1.macos64_1.0.0.202411102158/tools/bin/../lib/gcc/arm-none-eabi/13.3.1/thumb/v7e-m+fp/hard/crti.o
                0x0800307c                _fini
 .fini          0x08003080        0x8 /Applications/STM32CubeIDE.app/Contents/Eclipse/plugins/com.st.stm32cube.ide.mcu.externaltools.gnu-tools-for-stm32.13.3.rel1.macos64_1.0.0.202411102158/tools/bin/../lib/gcc/arm-none-eabi/13.3.1/thumb/v7e-m+fp/hard/crtn.o
                0x08003088                        . = ALIGN (0x4)
                0x08003088                        _etext = .

.vfp11_veneer   0x08003088        0x0
 .vfp11_veneer  0x08003088        0x0 linker stubs

.v4_bx          0x08003088        0x0
 .v4_bx         0x08003088        0x0 linker stubs

.iplt           0x08003088        0x0
 .iplt          0x08003088        0x0 /Applications/STM32CubeIDE.app/Contents/Eclipse/plugins/com.st.stm32cube.ide.mcu.externaltools.gnu-tools-for-stm32.13.3.rel1.macos64_1.0.0.202411102158/tools/bin/../lib/gcc/arm-none-eabi/13.3.1/thumb/v7e-m+fp/hard/crtbegin.o

.rodata         0x08003088      0x11c
                0x08003088                        . = ALIGN (0x4)
 *(.rodata)
 *(.rodata*)
 .rodata.AHBPrescTable
                0x08003088       0x10 ./Core/Src/system_stm32f4xx.o
                0x08003088                AHBPrescTable
 .rodata.APBPrescTable
                0x08003098        0x8 ./Core/Src/system_stm32f4xx.o
                0x08003098                APBPrescTable
 .rodata._ctype_
                0x080030a0      0x101 /Applications/STM32CubeIDE.app/Contents/Eclipse/plugins/com.st.stm32cube.ide.mcu.externaltools.gnu-tools-for-stm32.13.3.rel1.macos64_1.0.0.202411102158/tools/bin/../lib/gcc/arm-none-eabi/13.3.1/../../../../arm-none-eabi/lib/thumb/v7e-m+fp/hard/libc_nano.a(libc_a-ctype_.o)
                0x080030a0                _ctype_
                0x080031a4                        . = ALIGN (0x4)
 *fill*         0x080031a1        0x3 

.ARM.extab      0x080031a4        0x0
                0x080031a4                        . = ALIGN (0x4)
 *(.ARM.extab* .gnu.linkonce.armextab.*)
                0x080031a4                        . = ALIGN (0x4)

.ARM            0x080031a4        0x8
                0x080031a4                        . = ALIGN (0x4)
                0x080031a4                        __exidx_start = .
 *(.ARM.exidx*)
 .ARM.exidx     0x080031a4        0x8 /Applications/STM32CubeIDE.app/Contents/Eclipse/plugins/com.st.stm32cube.ide.mcu.externaltools.gnu-tools-for-stm32.13.3.rel1.macos64_1.0.0.202411102158/tools/bin/../lib/gcc/arm-none-eabi/13.3.1/thumb/v7e-m+fp/hard/libgcc.a(_udivmoddi4.o)
                0x080031ac                        __exidx_end = .
                0x080031ac                        . = ALIGN (0x4)

.preinit_array  0x080031ac        0x0
                0x080031ac                        . = ALIGN (0x4)
                0x080031ac                        PROVIDE (__preinit_array_start = .)
 *(.preinit_array*)
                0x080031ac                        PROVIDE (__preinit_array_end = .)
                0x080031ac                        . = ALIGN (0x4)

.init_array     0x080031ac        0x4
                0x080031ac                        . = ALIGN (0x4)
                0x080031ac                        PROVIDE (__init_array_start = .)
 *(SORT_BY_NAME(.init_array.*))
 *(.init_array*)
 .init_array    0x080031ac        0x4 /Applications/STM32CubeIDE.app/Contents/Eclipse/plugins/com.st.stm32cube.ide.mcu.externaltools.gnu-tools-for-stm32.13.3.rel1.macos64_1.0.0.202411102158/tools/bin/../lib/gcc/arm-none-eabi/13.3.1/thumb/v7e-m+fp/hard/crtbegin.o
                0x080031b0                        PROVIDE (__init_array_end = .)
                0x080031b0                        . = ALIGN (0x4)

.fini_array     0x080031b0        0x4
                0x080031b0                        . = ALIGN (0x4)
                [!provide]                        PROVIDE (__fini_array_start = .)
 *(SORT_BY_NAME(.fini_array.*))
 *(.fini_array*)
 .fini_array    0x080031b0        0x4 /Applications/STM32CubeIDE.app/Contents/Eclipse/plugins/com.st.stm32cube.ide.mcu.externaltools.gnu-tools-for-stm32.13.3.rel1.macos64_1.0.0.202411102158/tools/bin/../lib/gcc/arm-none-eabi/13.3.1/thumb/v7e-m+fp/hard/crtbegin.o
                [!provide]                        PROVIDE (__fini_array_end = .)
                0x080031b4                        . = ALIGN (0x4)
                0x080031b4                        _sidata = LOADADDR (.data)

.rel.dyn        0x080031b4        0x0
 .rel.iplt      0x080031b4        0x0 /Applications/STM32CubeIDE.app/Contents/Eclipse/plugins/com.st.stm32cube.ide.mcu.externaltools.gnu-tools-for-stm32.13.3.rel1.macos64_1.0.0.202411102158/tools/bin/../lib/gcc/arm-none-eabi/13.3.1/thumb/v7e-m+fp/hard/crtbegin.o

.data           0x20000000      0x16c load address 0x080031b4
                0x20000000                        . = ALIGN (0x4)
                0x20000000                        _sdata = .
 *(.data)
 *(.data*)
 .data.message_prompt
                0x20000000       0x12 ./Core/Src/main.o
                0x20000000                message_prompt
 *fill*         0x20000012        0x2 
 .data.message_buffer_full
                0x20000014       0x39 ./Core/Src/main.o
                0x20000014                message_buffer_full
 *fill*         0x2000004d        0x3 
 .data.message_begin_transmit
                0x20000050       0x1a ./Core/Src/main.o
                0x20000050                message_begin_transmit
 *fill*         0x2000006a        0x2 
 .data.message_end_transmit
                0x2000006c       0x1c ./Core/Src/main.o
                0x2000006c                message_end_transmit
 .data.letters  0x20000088       0x9c ./Core/Src/main.o
                0x20000088                letters
 .data.numbers  0x20000124       0x3c ./Core/Src/main.o
                0x20000124                numbers
 .data.SystemCoreClock
                0x20000160        0x4 ./Core/Src/system_stm32f4xx.o
                0x20000160                SystemCoreClock
 .data.uwTickPrio
                0x20000164        0x4 ./Drivers/STM32F4xx_HAL_Driver/Src/stm32f4xx_hal.o
                0x20000164                uwTickPrio
 .data.uwTickFreq
                0x20000168        0x1 ./Drivers/STM32F4xx_HAL_Driver/Src/stm32f4xx_hal.o
                0x20000168                uwTickFreq
 *(.RamFunc)
 *(.RamFunc*)
                0x2000016c                        . = ALIGN (0x4)
 *fill*         0x20000169        0x3 
                0x2000016c                        _edata = .

.igot.plt       0x2000016c        0x0 load address 0x08003320
 .igot.plt      0x2000016c        0x0 /Applications/STM32CubeIDE.app/Contents/Eclipse/plugins/com.st.stm32cube.ide.mcu.externaltools.gnu-tools-for-stm32.13.3.rel1.macos64_1.0.0.202411102158/tools/bin/../lib/gcc/arm-none-eabi/13.3.1/thumb/v7e-m+fp/hard/crtbegin.o
                0x2000016c                        . = ALIGN (0x4)

.bss            0x2000016c       0xd4 load address 0x08003320
                0x2000016c                        _sbss = .
                0x2000016c                        __bss_start__ = _sbss
 *(.bss)
 .bss           0x2000016c       0x1c /Applications/STM32CubeIDE.app/Contents/Eclipse/plugins/com.st.stm32cube.ide.mcu.externaltools.gnu-tools-for-stm32.13.3.rel1.macos64_1.0.0.202411102158/tools/bin/../lib/gcc/arm-none-eabi/13.3.1/thumb/v7e-m+fp/hard/crtbegin.o
 *(.bss*)
 .bss.huart2    0x20000188       0x48 ./Core/Src/main.o
                0x20000188                huart2
 .bss.rx_data   0x200001d0        0x2 ./Core/Src/main.o
                0x200001d0                rx_data
 *fill*         0x200001d2        0x2 
 .bss.rx_buffer
                0x200001d4       0x64 ./Core/Src/main.o
                0x200001d4                rx_buffer
 .bss.rx_idx    0x20000238        0x1 ./Core/Src/main.o
                0x20000238                rx_idx
 .bss.transmission_ready
                0x20000239        0x1 ./Core/Src/main.o
                0x20000239                transmission_ready
 .bss.begin_transmission
                0x2000023a        0x1 ./Core/Src/main.o
                0x2000023a                begin_transmission
 *fill*         0x2000023b        0x1 
 .bss.uwTick    0x2000023c        0x4 ./Drivers/STM32F4xx_HAL_Driver/Src/stm32f4xx_hal.o
                0x2000023c                uwTick
 *(COMMON)
                0x20000240                        . = ALIGN (0x4)
                0x20000240                        _ebss = .
                0x20000240                        __bss_end__ = _ebss

._user_heap_stack
                0x20000240      0x600 load address 0x08003320
                0x20000240                        . = ALIGN (0x8)
                [!provide]                        PROVIDE (end = .)
                0x20000240                        PROVIDE (_end = .)
                0x20000440                        . = (. + _Min_Heap_Size)
 *fill*         0x20000240      0x200 
                0x20000840                        . = (. + _Min_Stack_Size)
 *fill*         0x20000440      0x400 
                0x20000840                        . = ALIGN (0x8)

/DISCARD/
 libc.a(*)
 libm.a(*)
 libgcc.a(*)

.ARM.attributes
                0x00000000       0x30
 *(.ARM.attributes)
 .ARM.attributes
                0x00000000       0x22 /Applications/STM32CubeIDE.app/Contents/Eclipse/plugins/com.st.stm32cube.ide.mcu.externaltools.gnu-tools-for-stm32.13.3.rel1.macos64_1.0.0.202411102158/tools/bin/../lib/gcc/arm-none-eabi/13.3.1/thumb/v7e-m+fp/hard/crti.o
 .ARM.attributes
                0x00000022       0x34 /Applications/STM32CubeIDE.app/Contents/Eclipse/plugins/com.st.stm32cube.ide.mcu.externaltools.gnu-tools-for-stm32.13.3.rel1.macos64_1.0.0.202411102158/tools/bin/../lib/gcc/arm-none-eabi/13.3.1/thumb/v7e-m+fp/hard/crtbegin.o
 .ARM.attributes
                0x00000056       0x34 ./Core/Src/main.o
 .ARM.attributes
                0x0000008a       0x34 ./Core/Src/stm32f4xx_hal_msp.o
 .ARM.attributes
                0x000000be       0x34 ./Core/Src/stm32f4xx_it.o
 .ARM.attributes
                0x000000f2       0x34 ./Core/Src/system_stm32f4xx.o
 .ARM.attributes
                0x00000126       0x21 ./Core/Startup/startup_stm32f446retx.o
 .ARM.attributes
                0x00000147       0x34 ./Drivers/STM32F4xx_HAL_Driver/Src/stm32f4xx_hal.o
 .ARM.attributes
                0x0000017b       0x34 ./Drivers/STM32F4xx_HAL_Driver/Src/stm32f4xx_hal_cortex.o
 .ARM.attributes
                0x000001af       0x34 ./Drivers/STM32F4xx_HAL_Driver/Src/stm32f4xx_hal_dma.o
 .ARM.attributes
                0x000001e3       0x34 ./Drivers/STM32F4xx_HAL_Driver/Src/stm32f4xx_hal_gpio.o
 .ARM.attributes
                0x00000217       0x34 ./Drivers/STM32F4xx_HAL_Driver/Src/stm32f4xx_hal_rcc.o
 .ARM.attributes
                0x0000024b       0x34 ./Drivers/STM32F4xx_HAL_Driver/Src/stm32f4xx_hal_rcc_ex.o
 .ARM.attributes
                0x0000027f       0x34 ./Drivers/STM32F4xx_HAL_Driver/Src/stm32f4xx_hal_uart.o
 .ARM.attributes
                0x000002b3       0x34 /Applications/STM32CubeIDE.app/Contents/Eclipse/plugins/com.st.stm32cube.ide.mcu.externaltools.gnu-tools-for-stm32.13.3.rel1.macos64_1.0.0.202411102158/tools/bin/../lib/gcc/arm-none-eabi/13.3.1/../../../../arm-none-eabi/lib/thumb/v7e-m+fp/hard/libc_nano.a(libc_a-memset.o)
 .ARM.attributes
                0x000002e7       0x34 /Applications/STM32CubeIDE.app/Contents/Eclipse/plugins/com.st.stm32cube.ide.mcu.externaltools.gnu-tools-for-stm32.13.3.rel1.macos64_1.0.0.202411102158/tools/bin/../lib/gcc/arm-none-eabi/13.3.1/../../../../arm-none-eabi/lib/thumb/v7e-m+fp/hard/libc_nano.a(libc_a-init.o)
 .ARM.attributes
                0x0000031b       0x34 /Applications/STM32CubeIDE.app/Contents/Eclipse/plugins/com.st.stm32cube.ide.mcu.externaltools.gnu-tools-for-stm32.13.3.rel1.macos64_1.0.0.202411102158/tools/bin/../lib/gcc/arm-none-eabi/13.3.1/../../../../arm-none-eabi/lib/thumb/v7e-m+fp/hard/libc_nano.a(libc_a-ctype_.o)
 .ARM.attributes
                0x0000034f       0x22 /Applications/STM32CubeIDE.app/Contents/Eclipse/plugins/com.st.stm32cube.ide.mcu.externaltools.gnu-tools-for-stm32.13.3.rel1.macos64_1.0.0.202411102158/tools/bin/../lib/gcc/arm-none-eabi/13.3.1/thumb/v7e-m+fp/hard/libgcc.a(_aeabi_uldivmod.o)
 .ARM.attributes
                0x00000371       0x34 /Applications/STM32CubeIDE.app/Contents/Eclipse/plugins/com.st.stm32cube.ide.mcu.externaltools.gnu-tools-for-stm32.13.3.rel1.macos64_1.0.0.202411102158/tools/bin/../lib/gcc/arm-none-eabi/13.3.1/thumb/v7e-m+fp/hard/libgcc.a(_udivmoddi4.o)
 .ARM.attributes
                0x000003a5       0x22 /Applications/STM32CubeIDE.app/Contents/Eclipse/plugins/com.st.stm32cube.ide.mcu.externaltools.gnu-tools-for-stm32.13.3.rel1.macos64_1.0.0.202411102158/tools/bin/../lib/gcc/arm-none-eabi/13.3.1/thumb/v7e-m+fp/hard/libgcc.a(_dvmd_tls.o)
 .ARM.attributes
                0x000003c7       0x22 /Applications/STM32CubeIDE.app/Contents/Eclipse/plugins/com.st.stm32cube.ide.mcu.externaltools.gnu-tools-for-stm32.13.3.rel1.macos64_1.0.0.202411102158/tools/bin/../lib/gcc/arm-none-eabi/13.3.1/thumb/v7e-m+fp/hard/crtn.o
OUTPUT(MorseCommunicator.elf elf32-littlearm)
LOAD linker stubs
LOAD /Applications/STM32CubeIDE.app/Contents/Eclipse/plugins/com.st.stm32cube.ide.mcu.externaltools.gnu-tools-for-stm32.13.3.rel1.macos64_1.0.0.202411102158/tools/bin/../lib/gcc/arm-none-eabi/13.3.1/../../../../arm-none-eabi/lib/thumb/v7e-m+fp/hard/libc.a
LOAD /Applications/STM32CubeIDE.app/Contents/Eclipse/plugins/com.st.stm32cube.ide.mcu.externaltools.gnu-tools-for-stm32.13.3.rel1.macos64_1.0.0.202411102158/tools/bin/../lib/gcc/arm-none-eabi/13.3.1/../../../../arm-none-eabi/lib/thumb/v7e-m+fp/hard/libm.a
LOAD /Applications/STM32CubeIDE.app/Contents/Eclipse/plugins/com.st.stm32cube.ide.mcu.externaltools.gnu-tools-for-stm32.13.3.rel1.macos64_1.0.0.202411102158/tools/bin/../lib/gcc/arm-none-eabi/13.3.1/thumb/v7e-m+fp/hard/libgcc.a

.debug_info     0x00000000     0x8e7c
 .debug_info    0x00000000      0xe2e ./Core/Src/main.o
 .debug_info    0x00000e2e      0xbb7 ./Core/Src/stm32f4xx_hal_msp.o
 .debug_info    0x000019e5      0x639 ./Core/Src/stm32f4xx_it.o
 .debug_info    0x0000201e      0x54a ./Core/Src/system_stm32f4xx.o
 .debug_info    0x00002568       0x30 ./Core/Startup/startup_stm32f446retx.o
 .debug_info    0x00002598      0x99a ./Drivers/STM32F4xx_HAL_Driver/Src/stm32f4xx_hal.o
 .debug_info    0x00002f32      0xdaa ./Drivers/STM32F4xx_HAL_Driver/Src/stm32f4xx_hal_cortex.o
 .debug_info    0x00003cdc      0x8e7 ./Drivers/STM32F4xx_HAL_Driver/Src/stm32f4xx_hal_dma.o
 .debug_info    0x000045c3      0x70b ./Drivers/STM32F4xx_HAL_Driver/Src/stm32f4xx_hal_gpio.o
 .debug_info    0x00004cce      0x8ff ./Drivers/STM32F4xx_HAL_Driver/Src/stm32f4xx_hal_rcc.o
 .debug_info    0x000055cd      0x960 ./Drivers/STM32F4xx_HAL_Driver/Src/stm32f4xx_hal_rcc_ex.o
 .debug_info    0x00005f2d     0x2f4f ./Drivers/STM32F4xx_HAL_Driver/Src/stm32f4xx_hal_uart.o

.debug_abbrev   0x00000000     0x1875
 .debug_abbrev  0x00000000      0x2b7 ./Core/Src/main.o
 .debug_abbrev  0x000002b7      0x1cc ./Core/Src/stm32f4xx_hal_msp.o
 .debug_abbrev  0x00000483      0x175 ./Core/Src/stm32f4xx_it.o
 .debug_abbrev  0x000005f8      0x11a ./Core/Src/system_stm32f4xx.o
 .debug_abbrev  0x00000712       0x24 ./Core/Startup/startup_stm32f446retx.o
 .debug_abbrev  0x00000736      0x214 ./Drivers/STM32F4xx_HAL_Driver/Src/stm32f4xx_hal.o
 .debug_abbrev  0x0000094a      0x31d ./Drivers/STM32F4xx_HAL_Driver/Src/stm32f4xx_hal_cortex.o
 .debug_abbrev  0x00000c67      0x264 ./Drivers/STM32F4xx_HAL_Driver/Src/stm32f4xx_hal_dma.o
 .debug_abbrev  0x00000ecb      0x1d4 ./Drivers/STM32F4xx_HAL_Driver/Src/stm32f4xx_hal_gpio.o
 .debug_abbrev  0x0000109f      0x2b7 ./Drivers/STM32F4xx_HAL_Driver/Src/stm32f4xx_hal_rcc.o
 .debug_abbrev  0x00001356      0x211 ./Drivers/STM32F4xx_HAL_Driver/Src/stm32f4xx_hal_rcc_ex.o
 .debug_abbrev  0x00001567      0x30e ./Drivers/STM32F4xx_HAL_Driver/Src/stm32f4xx_hal_uart.o

.debug_aranges  0x00000000      0x740
 .debug_aranges
                0x00000000       0x48 ./Core/Src/main.o
 .debug_aranges
                0x00000048       0x30 ./Core/Src/stm32f4xx_hal_msp.o
 .debug_aranges
                0x00000078       0x68 ./Core/Src/stm32f4xx_it.o
 .debug_aranges
                0x000000e0       0x28 ./Core/Src/system_stm32f4xx.o
 .debug_aranges
                0x00000108       0x28 ./Core/Startup/startup_stm32f446retx.o
 .debug_aranges
                0x00000130       0xf0 ./Drivers/STM32F4xx_HAL_Driver/Src/stm32f4xx_hal.o
 .debug_aranges
                0x00000220      0x130 ./Drivers/STM32F4xx_HAL_Driver/Src/stm32f4xx_hal_cortex.o
 .debug_aranges
                0x00000350       0x90 ./Drivers/STM32F4xx_HAL_Driver/Src/stm32f4xx_hal_dma.o
 .debug_aranges
                0x000003e0       0x58 ./Drivers/STM32F4xx_HAL_Driver/Src/stm32f4xx_hal_gpio.o
 .debug_aranges
                0x00000438       0x88 ./Drivers/STM32F4xx_HAL_Driver/Src/stm32f4xx_hal_rcc.o
 .debug_aranges
                0x000004c0       0x78 ./Drivers/STM32F4xx_HAL_Driver/Src/stm32f4xx_hal_rcc_ex.o
 .debug_aranges
                0x00000538      0x208 ./Drivers/STM32F4xx_HAL_Driver/Src/stm32f4xx_hal_uart.o

.debug_rnglists
                0x00000000      0x59e
 .debug_rnglists
                0x00000000       0x44 ./Core/Src/main.o
 .debug_rnglists
                0x00000044       0x20 ./Core/Src/stm32f4xx_hal_msp.o
 .debug_rnglists
                0x00000064       0x49 ./Core/Src/stm32f4xx_it.o
 .debug_rnglists
                0x000000ad       0x1a ./Core/Src/system_stm32f4xx.o
 .debug_rnglists
                0x000000c7       0x19 ./Core/Startup/startup_stm32f446retx.o
 .debug_rnglists
                0x000000e0       0xaf ./Drivers/STM32F4xx_HAL_Driver/Src/stm32f4xx_hal.o
 .debug_rnglists
                0x0000018f       0xe0 ./Drivers/STM32F4xx_HAL_Driver/Src/stm32f4xx_hal_cortex.o
 .debug_rnglists
                0x0000026f       0x70 ./Drivers/STM32F4xx_HAL_Driver/Src/stm32f4xx_hal_dma.o
 .debug_rnglists
                0x000002df       0x3f ./Drivers/STM32F4xx_HAL_Driver/Src/stm32f4xx_hal_gpio.o
 .debug_rnglists
                0x0000031e       0x66 ./Drivers/STM32F4xx_HAL_Driver/Src/stm32f4xx_hal_rcc.o
 .debug_rnglists
                0x00000384       0x5e ./Drivers/STM32F4xx_HAL_Driver/Src/stm32f4xx_hal_rcc_ex.o
 .debug_rnglists
                0x000003e2      0x1bc ./Drivers/STM32F4xx_HAL_Driver/Src/stm32f4xx_hal_uart.o

.debug_macro    0x00000000    0x20dcd
 .debug_macro   0x00000000      0x2b8 ./Core/Src/main.o
 .debug_macro   0x000002b8      0xad8 ./Core/Src/main.o
 .debug_macro   0x00000d90      0x295 ./Core/Src/main.o
 .debug_macro   0x00001025       0x2e ./Core/Src/main.o
 .debug_macro   0x00001053       0x28 ./Core/Src/main.o
 .debug_macro   0x0000107b       0x22 ./Core/Src/main.o
 .debug_macro   0x0000109d       0x8e ./Core/Src/main.o
 .debug_macro   0x0000112b       0x51 ./Core/Src/main.o
 .debug_macro   0x0000117c      0x103 ./Core/Src/main.o
 .debug_macro   0x0000127f       0x6a ./Core/Src/main.o
 .debug_macro   0x000012e9      0x1df ./Core/Src/main.o
 .debug_macro   0x000014c8       0x1c ./Core/Src/main.o
 .debug_macro   0x000014e4       0x22 ./Core/Src/main.o
 .debug_macro   0x00001506       0xfb ./Core/Src/main.o
 .debug_macro   0x00001601     0x1011 ./Core/Src/main.o
 .debug_macro   0x00002612      0x11f ./Core/Src/main.o
 .debug_macro   0x00002731    0x1675e ./Core/Src/main.o
 .debug_macro   0x00018e8f       0x6d ./Core/Src/main.o
 .debug_macro   0x00018efc     0x3693 ./Core/Src/main.o
 .debug_macro   0x0001c58f      0x190 ./Core/Src/main.o
 .debug_macro   0x0001c71f       0x5c ./Core/Src/main.o
 .debug_macro   0x0001c77b      0xca5 ./Core/Src/main.o
 .debug_macro   0x0001d420      0x9e9 ./Core/Src/main.o
 .debug_macro   0x0001de09      0x115 ./Core/Src/main.o
 .debug_macro   0x0001df1e      0x1a0 ./Core/Src/main.o
 .debug_macro   0x0001e0be       0xa5 ./Core/Src/main.o
 .debug_macro   0x0001e163      0x16d ./Core/Src/main.o
 .debug_macro   0x0001e2d0      0x287 ./Core/Src/main.o
 .debug_macro   0x0001e557       0x5f ./Core/Src/main.o
 .debug_macro   0x0001e5b6      0x236 ./Core/Src/main.o
 .debug_macro   0x0001e7ec      0x132 ./Core/Src/main.o
 .debug_macro   0x0001e91e      0x29c ./Core/Src/main.o
 .debug_macro   0x0001ebba       0x2e ./Core/Src/main.o
 .debug_macro   0x0001ebe8      0x127 ./Core/Src/main.o
 .debug_macro   0x0001ed0f       0xe8 ./Core/Src/main.o
 .debug_macro   0x0001edf7       0x89 ./Core/Src/main.o
 .debug_macro   0x0001ee80      0x2aa ./Core/Src/main.o
 .debug_macro   0x0001f12a      0x126 ./Core/Src/main.o
 .debug_macro   0x0001f250       0x58 ./Core/Src/main.o
 .debug_macro   0x0001f2a8       0x61 ./Core/Src/main.o
 .debug_macro   0x0001f309       0x2a ./Core/Src/main.o
 .debug_macro   0x0001f333       0x43 ./Core/Src/main.o
 .debug_macro   0x0001f376       0x34 ./Core/Src/main.o
 .debug_macro   0x0001f3aa      0x370 ./Core/Src/main.o
 .debug_macro   0x0001f71a       0x16 ./Core/Src/main.o
 .debug_macro   0x0001f730       0x4a ./Core/Src/main.o
 .debug_macro   0x0001f77a       0x34 ./Core/Src/main.o
 .debug_macro   0x0001f7ae       0x10 ./Core/Src/main.o
 .debug_macro   0x0001f7be       0x58 ./Core/Src/main.o
 .debug_macro   0x0001f816       0x8e ./Core/Src/main.o
 .debug_macro   0x0001f8a4       0x1c ./Core/Src/main.o
 .debug_macro   0x0001f8c0      0x185 ./Core/Src/main.o
 .debug_macro   0x0001fa45       0x10 ./Core/Src/main.o
 .debug_macro   0x0001fa55       0x3c ./Core/Src/main.o
 .debug_macro   0x0001fa91       0x20 ./Core/Src/main.o
 .debug_macro   0x0001fab1      0x11f ./Core/Src/main.o
 .debug_macro   0x0001fbd0      0x1c9 ./Core/Src/stm32f4xx_hal_msp.o
 .debug_macro   0x0001fd99      0x1d3 ./Core/Src/stm32f4xx_it.o
 .debug_macro   0x0001ff6c      0x1ba ./Core/Src/system_stm32f4xx.o
 .debug_macro   0x00020126      0x21a ./Drivers/STM32F4xx_HAL_Driver/Src/stm32f4xx_hal.o
 .debug_macro   0x00020340      0x1ba ./Drivers/STM32F4xx_HAL_Driver/Src/stm32f4xx_hal_cortex.o
 .debug_macro   0x000204fa      0x1c0 ./Drivers/STM32F4xx_HAL_Driver/Src/stm32f4xx_hal_dma.o
 .debug_macro   0x000206ba      0x1c0 ./Drivers/STM32F4xx_HAL_Driver/Src/stm32f4xx_hal_gpio.o
 .debug_macro   0x0002087a      0x1de ./Drivers/STM32F4xx_HAL_Driver/Src/stm32f4xx_hal_rcc.o
 .debug_macro   0x00020a58      0x1ba ./Drivers/STM32F4xx_HAL_Driver/Src/stm32f4xx_hal_rcc_ex.o
 .debug_macro   0x00020c12      0x1bb ./Drivers/STM32F4xx_HAL_Driver/Src/stm32f4xx_hal_uart.o

.debug_line     0x00000000     0x9735
 .debug_line    0x00000000      0xa3c ./Core/Src/main.o
 .debug_line    0x00000a3c      0x6fb ./Core/Src/stm32f4xx_hal_msp.o
 .debug_line    0x00001137      0x771 ./Core/Src/stm32f4xx_it.o
 .debug_line    0x000018a8      0x720 ./Core/Src/system_stm32f4xx.o
 .debug_line    0x00001fc8       0x7a ./Core/Startup/startup_stm32f446retx.o
 .debug_line    0x00002042      0x99c ./Drivers/STM32F4xx_HAL_Driver/Src/stm32f4xx_hal.o
 .debug_line    0x000029de      0xc6c ./Drivers/STM32F4xx_HAL_Driver/Src/stm32f4xx_hal_cortex.o
 .debug_line    0x0000364a      0xf08 ./Drivers/STM32F4xx_HAL_Driver/Src/stm32f4xx_hal_dma.o
 .debug_line    0x00004552      0xae0 ./Drivers/STM32F4xx_HAL_Driver/Src/stm32f4xx_hal_gpio.o
 .debug_line    0x00005032      0xdb7 ./Drivers/STM32F4xx_HAL_Driver/Src/stm32f4xx_hal_rcc.o
 .debug_line    0x00005de9     0x1468 ./Drivers/STM32F4xx_HAL_Driver/Src/stm32f4xx_hal_rcc_ex.o
 .debug_line    0x00007251     0x24e4 ./Drivers/STM32F4xx_HAL_Driver/Src/stm32f4xx_hal_uart.o

.debug_str      0x00000000    0xc87ec
 .debug_str     0x00000000    0xc87ec ./Core/Src/main.o
                              0xc6a53 (size before relaxing)
 .debug_str     0x000c87ec    0xc3298 ./Core/Src/stm32f4xx_hal_msp.o
 .debug_str     0x000c87ec    0xc2bf8 ./Core/Src/stm32f4xx_it.o
 .debug_str     0x000c87ec    0xc2771 ./Core/Src/system_stm32f4xx.o
 .debug_str     0x000c87ec       0x86 ./Core/Startup/startup_stm32f446retx.o
 .debug_str     0x000c87ec    0xc3336 ./Drivers/STM32F4xx_HAL_Driver/Src/stm32f4xx_hal.o
 .debug_str     0x000c87ec    0xc308d ./Drivers/STM32F4xx_HAL_Driver/Src/stm32f4xx_hal_cortex.o
 .debug_str     0x000c87ec    0xc2b66 ./Drivers/STM32F4xx_HAL_Driver/Src/stm32f4xx_hal_dma.o
 .debug_str     0x000c87ec    0xc28ec ./Drivers/STM32F4xx_HAL_Driver/Src/stm32f4xx_hal_gpio.o
 .debug_str     0x000c87ec    0xc2baa ./Drivers/STM32F4xx_HAL_Driver/Src/stm32f4xx_hal_rcc.o
 .debug_str     0x000c87ec    0xc2bdd ./Drivers/STM32F4xx_HAL_Driver/Src/stm32f4xx_hal_rcc_ex.o
 .debug_str     0x000c87ec    0xc3161 ./Drivers/STM32F4xx_HAL_Driver/Src/stm32f4xx_hal_uart.o

.comment        0x00000000       0x43
 .comment       0x00000000       0x43 ./Core/Src/main.o
                                 0x44 (size before relaxing)
 .comment       0x00000043       0x44 ./Core/Src/stm32f4xx_hal_msp.o
 .comment       0x00000043       0x44 ./Core/Src/stm32f4xx_it.o
 .comment       0x00000043       0x44 ./Core/Src/system_stm32f4xx.o
 .comment       0x00000043       0x44 ./Drivers/STM32F4xx_HAL_Driver/Src/stm32f4xx_hal.o
 .comment       0x00000043       0x44 ./Drivers/STM32F4xx_HAL_Driver/Src/stm32f4xx_hal_cortex.o
 .comment       0x00000043       0x44 ./Drivers/STM32F4xx_HAL_Driver/Src/stm32f4xx_hal_dma.o
 .comment       0x00000043       0x44 ./Drivers/STM32F4xx_HAL_Driver/Src/stm32f4xx_hal_gpio.o
 .comment       0x00000043       0x44 ./Drivers/STM32F4xx_HAL_Driver/Src/stm32f4xx_hal_rcc.o
 .comment       0x00000043       0x44 ./Drivers/STM32F4xx_HAL_Driver/Src/stm32f4xx_hal_rcc_ex.o
 .comment       0x00000043       0x44 ./Drivers/STM32F4xx_HAL_Driver/Src/stm32f4xx_hal_uart.o

.debug_frame    0x00000000     0x1cb8
 .debug_frame   0x00000000       0xd0 ./Core/Src/main.o
 .debug_frame   0x000000d0       0x7c ./Core/Src/stm32f4xx_hal_msp.o
 .debug_frame   0x0000014c      0x120 ./Core/Src/stm32f4xx_it.o
 .debug_frame   0x0000026c       0x58 ./Core/Src/system_stm32f4xx.o
 .debug_frame   0x000002c4      0x374 ./Drivers/STM32F4xx_HAL_Driver/Src/stm32f4xx_hal.o
 .debug_frame   0x00000638      0x508 ./Drivers/STM32F4xx_HAL_Driver/Src/stm32f4xx_hal_cortex.o
 .debug_frame   0x00000b40      0x250 ./Drivers/STM32F4xx_HAL_Driver/Src/stm32f4xx_hal_dma.o
 .debug_frame   0x00000d90      0x14c ./Drivers/STM32F4xx_HAL_Driver/Src/stm32f4xx_hal_gpio.o
 .debug_frame   0x00000edc      0x1f4 ./Drivers/STM32F4xx_HAL_Driver/Src/stm32f4xx_hal_rcc.o
 .debug_frame   0x000010d0      0x1e8 ./Drivers/STM32F4xx_HAL_Driver/Src/stm32f4xx_hal_rcc_ex.o
 .debug_frame   0x000012b8      0x954 ./Drivers/STM32F4xx_HAL_Driver/Src/stm32f4xx_hal_uart.o
 .debug_frame   0x00001c0c       0x20 /Applications/STM32CubeIDE.app/Contents/Eclipse/plugins/com.st.stm32cube.ide.mcu.externaltools.gnu-tools-for-stm32.13.3.rel1.macos64_1.0.0.202411102158/tools/bin/../lib/gcc/arm-none-eabi/13.3.1/../../../../arm-none-eabi/lib/thumb/v7e-m+fp/hard/libc_nano.a(libc_a-memset.o)
 .debug_frame   0x00001c2c       0x2c /Applications/STM32CubeIDE.app/Contents/Eclipse/plugins/com.st.stm32cube.ide.mcu.externaltools.gnu-tools-for-stm32.13.3.rel1.macos64_1.0.0.202411102158/tools/bin/../lib/gcc/arm-none-eabi/13.3.1/../../../../arm-none-eabi/lib/thumb/v7e-m+fp/hard/libc_nano.a(libc_a-init.o)
 .debug_frame   0x00001c58       0x2c /Applications/STM32CubeIDE.app/Contents/Eclipse/plugins/com.st.stm32cube.ide.mcu.externaltools.gnu-tools-for-stm32.13.3.rel1.macos64_1.0.0.202411102158/tools/bin/../lib/gcc/arm-none-eabi/13.3.1/thumb/v7e-m+fp/hard/libgcc.a(_aeabi_uldivmod.o)
 .debug_frame   0x00001c84       0x34 /Applications/STM32CubeIDE.app/Contents/Eclipse/plugins/com.st.stm32cube.ide.mcu.externaltools.gnu-tools-for-stm32.13.3.rel1.macos64_1.0.0.202411102158/tools/bin/../lib/gcc/arm-none-eabi/13.3.1/thumb/v7e-m+fp/hard/libgcc.a(_udivmoddi4.o)

.debug_line_str
                0x00000000       0x6a
 .debug_line_str
                0x00000000       0x6a ./Core/Startup/startup_stm32f446retx.o
